{
  "passed": true,
  "directory": "/workspace/scratch/3be8439307aa/p29-vitest-example/artifacts/failure-caa614d7-c1e2-4f66-bff6-ab74994de52c",
  "reasons": [],
  "records": [
    {
      "variant": "baseline",
      "scenario": "healthy",
      "classification": "healthy",
      "passed": true
    },
    {
      "variant": "baseline",
      "scenario": "implementation_fault",
      "classification": "implementation_fault_detected",
      "passed": true
    },
    {
      "variant": "baseline",
      "scenario": "environment_error",
      "classification": "environment_error",
      "passed": true
    },
    {
      "variant": "candidate",
      "scenario": "healthy",
      "classification": "healthy",
      "passed": true
    },
    {
      "variant": "candidate",
      "scenario": "implementation_fault",
      "classification": "implementation_fault_detected",
      "passed": true
    },
    {
      "variant": "candidate",
      "scenario": "environment_error",
      "classification": "environment_error",
      "passed": true
    }
  ],
  "restored": true
}
